
> temu@0.0.0 build
> tsc -b && vite build

src/application/payment/payment.service.ts(70,50): error TS2339: Property 'find' does not exist on type 'PaginatedResponse<BankAccount>'.
src/application/payment/payment.service.ts(70,55): error TS7006: Parameter 'a' implicitly has an 'any' type.
src/application/payment/payment.service.ts(73,50): error TS2339: Property 'find' does not exist on type 'PaginatedResponse<BankAccount>'.
src/application/payment/payment.service.ts(73,55): error TS7006: Parameter 'a' implicitly has an 'any' type.
src/application/payment/payment.service.ts(86,17): error TS2345: Argument of type 'string | undefined' is not assignable to parameter of type 'string'.
  Type 'undefined' is not assignable to type 'string'.
src/application/payment/payment.service.ts(107,46): error TS2339: Property 'find' does not exist on type 'PaginatedResponse<BankAccount>'.
src/application/payment/payment.service.ts(107,51): error TS7006: Parameter 'a' implicitly has an 'any' type.
src/application/payment/payment.service.ts(119,42): error TS2339: Property 'find' does not exist on type 'PaginatedResponse<BankAccount>'.
src/application/payment/payment.service.ts(119,47): error TS7006: Parameter 'a' implicitly has an 'any' type.
src/application/payment/payment.service.ts(180,42): error TS2339: Property 'find' does not exist on type 'PaginatedResponse<BankAccount>'.
src/application/payment/payment.service.ts(180,47): error TS7006: Parameter 'a' implicitly has an 'any' type.
src/entities/client/model/model.ts(8,5): error TS2741: Property 'isBlocked' is missing in type '{ createdAt: string; identificationType: IdentificationType; identificationNumber: string; firstName: string; country: string; province: string; ... 14 more ...; id: `${string}-${string}-${string}-${string}-${string}`; }' but required in type 'Client'.
src/entities/client/model/model.ts(20,5): error TS2322: Type '{ identificationType: IdentificationType; identificationNumber: string; firstName: string; country: string; province: string; city: string; ... 17 more ...; createdAt: string; }' is not assignable to type 'Client'.
  Types of property 'birthDate' are incompatible.
    Type 'string | null | undefined' is not assignable to type 'string | undefined'.
      Type 'null' is not assignable to type 'string | undefined'.
src/features/bank-accounts/components/BankAccountList.tsx(13,28): error TS2307: Cannot find module '@/shared/ui/pagination' or its corresponding type declarations.
src/features/brands/components/BrandList.tsx(15,28): error TS2307: Cannot find module '@/shared/ui/pagination' or its corresponding type declarations.
src/features/calls/ui/CallFormModal.tsx(53,42): error TS7006: Parameter 'c' implicitly has an 'any' type.
src/features/calls/ui/CallFormModal.tsx(66,45): error TS7006: Parameter 'c' implicitly has an 'any' type.
src/features/calls/ui/CallFormModal.tsx(154,58): error TS7006: Parameter 'client' implicitly has an 'any' type.
src/features/calls/ui/CallsPage.tsx(10,28): error TS2307: Cannot find module '@/shared/ui/pagination' or its corresponding type declarations.
src/features/cash-closure/ui/CashClosurePage.tsx(16,28): error TS2307: Cannot find module '@/shared/ui/pagination' or its corresponding type declarations.
src/features/client-credits/ui/ClientCreditsPage.tsx(8,28): error TS2307: Cannot find module '@/shared/ui/pagination' or its corresponding type declarations.
src/features/clients/components/ClientList.tsx(23,28): error TS2307: Cannot find module '@/shared/ui/pagination' or its corresponding type declarations.
src/features/financial-audit/model/useFinancialAudit.ts(34,29): error TS2339: Property 'map' does not exist on type 'never[] | PaginatedResponse<BankAccount>'.
  Property 'map' does not exist on type 'PaginatedResponse<BankAccount>'.
src/features/financial-audit/model/useFinancialAudit.ts(34,33): error TS7006: Parameter 'account' implicitly has an 'any' type.
src/features/financial-audit/model/useFinancialAudit.ts(36,63): error TS2345: Argument of type 'never[] | PaginatedResponse<FinancialRecord>' is not assignable to parameter of type 'FinancialRecord[]'.
  Type 'PaginatedResponse<FinancialRecord>' is missing the following properties from type 'FinancialRecord[]': length, pop, push, concat, and 29 more.
src/features/financial-audit/model/useFinancialAudit.ts(41,43): error TS2339: Property 'filter' does not exist on type 'never[] | PaginatedResponse<FinancialRecord>'.
  Property 'filter' does not exist on type 'PaginatedResponse<FinancialRecord>'.
src/features/financial-audit/model/useFinancialAudit.ts(41,50): error TS7006: Parameter 'r' implicitly has an 'any' type.
src/features/financial-dashboard/model/useFinancialDashboard.ts(22,35): error TS2345: Argument of type 'never[] | PaginatedResponse<FinancialRecord>' is not assignable to parameter of type 'FinancialRecord[]'.
  Type 'PaginatedResponse<FinancialRecord>' is missing the following properties from type 'FinancialRecord[]': length, pop, push, concat, and 29 more.
src/features/inventory/ui/InventoryPage.tsx(6,28): error TS2307: Cannot find module '@/shared/ui/pagination' or its corresponding type declarations.
src/features/loyalty/ui/LoyaltyPointHistoryModal.tsx(15,28): error TS2307: Cannot find module '@/shared/ui/pagination' or its corresponding type declarations.
src/features/loyalty/ui/LoyaltyRedemptions.tsx(16,28): error TS2307: Cannot find module '@/shared/ui/pagination' or its corresponding type declarations.
src/features/loyalty/ui/LoyaltyRedemptions.tsx(22,47): error TS6133: 'clientsLoading' is declared but its value is never read.
src/features/loyalty/ui/LoyaltyRewards.tsx(38,28): error TS2307: Cannot find module '@/shared/ui/pagination' or its corresponding type declarations.
src/features/loyalty/ui/LoyaltyRules.tsx(28,28): error TS2307: Cannot find module '@/shared/ui/pagination' or its corresponding type declarations.
src/features/order-delivery/ui/DeliverOrderModal.tsx(93,50): error TS2339: Property 'find' does not exist on type 'never[] | PaginatedResponse<BankAccount>'.
  Property 'find' does not exist on type 'PaginatedResponse<BankAccount>'.
src/features/order-delivery/ui/DeliverOrderModal.tsx(93,55): error TS7006: Parameter 'a' implicitly has an 'any' type.
src/features/order-delivery/ui/DeliverOrderModal.tsx(250,46): error TS2339: Property 'filter' does not exist on type 'never[] | PaginatedResponse<BankAccount>'.
  Property 'filter' does not exist on type 'PaginatedResponse<BankAccount>'.
src/features/order-delivery/ui/DeliverOrderModal.tsx(250,53): error TS7006: Parameter 'acc' implicitly has an 'any' type.
src/features/order-delivery/ui/DeliverOrderModal.tsx(256,51): error TS7006: Parameter 'account' implicitly has an 'any' type.
src/features/order-management/ui/OrderFormModal.tsx(20,62): error TS6196: 'OrderStatus' is declared but never used.
src/features/order-management/ui/OrderFormModal.tsx(28,1): error TS6133: 'validateTransaction' is declared but its value is never read.
src/features/order-management/ui/OrderList.tsx(21,28): error TS2307: Cannot find module '@/shared/ui/pagination' or its corresponding type declarations.
src/features/order-payments/components/OrderPaymentForm.tsx(29,45): error TS2339: Property 'filter' does not exist on type 'never[] | PaginatedResponse<BankAccount>'.
  Property 'filter' does not exist on type 'PaginatedResponse<BankAccount>'.
src/features/order-payments/components/OrderPaymentForm.tsx(29,52): error TS7006: Parameter 'acc' implicitly has an 'any' type.
src/features/order-payments/components/OrderPaymentForm.tsx(73,32): error TS2339: Property 'find' does not exist on type 'never[] | PaginatedResponse<BankAccount>'.
  Property 'find' does not exist on type 'PaginatedResponse<BankAccount>'.
src/features/order-payments/components/OrderPaymentForm.tsx(73,37): error TS7006: Parameter 'b' implicitly has an 'any' type.
src/features/order-payments/components/OrderPaymentForm.tsx(77,48): error TS2339: Property 'find' does not exist on type 'never[] | PaginatedResponse<BankAccount>'.
  Property 'find' does not exist on type 'PaginatedResponse<BankAccount>'.
src/features/order-payments/components/OrderPaymentForm.tsx(77,53): error TS7006: Parameter 'b' implicitly has an 'any' type.
src/features/order-payments/components/OrderPaymentForm.tsx(211,68): error TS7006: Parameter 'a' implicitly has an 'any' type.
src/features/order-payments/components/OrderPaymentForm.tsx(211,96): error TS7006: Parameter 'acc' implicitly has an 'any' type.
src/features/order-payments/components/OrderPaymentList.tsx(60,42): error TS2339: Property 'find' does not exist on type 'never[] | PaginatedResponse<BankAccount>'.
  Property 'find' does not exist on type 'PaginatedResponse<BankAccount>'.
src/features/order-payments/components/OrderPaymentList.tsx(60,47): error TS7006: Parameter 'b' implicitly has an 'any' type.
src/features/order-payments/components/OrderPaymentList.tsx(129,62): error TS2339: Property 'find' does not exist on type 'never[] | PaginatedResponse<BankAccount>'.
  Property 'find' does not exist on type 'PaginatedResponse<BankAccount>'.
src/features/order-payments/components/OrderPaymentList.tsx(129,67): error TS7006: Parameter 'b' implicitly has an 'any' type.
src/features/order-reception/model/useOrderReception.ts(17,38): error TS2339: Property 'filter' does not exist on type 'PaginatedResponse<Order>'.
src/features/order-reception/model/useOrderReception.ts(24,44): error TS7006: Parameter 'o' implicitly has an 'any' type.
src/features/order-reception/model/useOrderReception.ts(27,44): error TS7006: Parameter 'o' implicitly has an 'any' type.
src/features/order-reception/model/useOrderReception.ts(30,44): error TS7006: Parameter 'o' implicitly has an 'any' type.
src/features/order-reception/model/useOrderReception.ts(34,44): error TS7006: Parameter 'o' implicitly has an 'any' type.
src/features/order-reception/model/useOrderReception.ts(53,38): error TS2339: Property 'filter' does not exist on type 'PaginatedResponse<Order>'.
src/features/order-reception/model/useOrderReception.ts(61,44): error TS7006: Parameter 'o' implicitly has an 'any' type.
src/features/order-reception/model/useOrderReception.ts(64,44): error TS7006: Parameter 'o' implicitly has an 'any' type.
src/features/order-reception/model/useOrderReception.ts(67,44): error TS7006: Parameter 'o' implicitly has an 'any' type.
src/features/order-reception/model/useOrderReception.ts(71,44): error TS7006: Parameter 'o' implicitly has an 'any' type.
src/features/order-reception/model/useOrderReception.ts(79,35): error TS7006: Parameter 'a' implicitly has an 'any' type.
src/features/order-reception/model/useOrderReception.ts(79,38): error TS7006: Parameter 'b' implicitly has an 'any' type.
src/features/order-reception/ui/OrderReceptionHistoryPage.tsx(115,41): error TS7006: Parameter 'order' implicitly has an 'any' type.
src/features/payments/ui/PaymentFormModal.tsx(51,46): error TS2339: Property 'find' does not exist on type 'never[] | PaginatedResponse<BankAccount>'.
  Property 'find' does not exist on type 'PaginatedResponse<BankAccount>'.
src/features/payments/ui/PaymentFormModal.tsx(51,51): error TS7006: Parameter 'a' implicitly has an 'any' type.
src/features/payments/ui/PaymentFormModal.tsx(55,50): error TS2339: Property 'find' does not exist on type 'never[] | PaginatedResponse<BankAccount>'.
  Property 'find' does not exist on type 'PaginatedResponse<BankAccount>'.
src/features/payments/ui/PaymentFormModal.tsx(55,55): error TS7006: Parameter 'a' implicitly has an 'any' type.
src/features/payments/ui/PaymentFormModal.tsx(217,42): error TS2339: Property 'filter' does not exist on type 'never[] | PaginatedResponse<BankAccount>'.
  Property 'filter' does not exist on type 'PaginatedResponse<BankAccount>'.
src/features/payments/ui/PaymentFormModal.tsx(217,49): error TS7006: Parameter 'acc' implicitly has an 'any' type.
src/features/payments/ui/PaymentFormModal.tsx(223,46): error TS7006: Parameter 'account' implicitly has an 'any' type.
src/features/reception-batch/ui/ReceptionBatchPage.tsx(60,46): error TS2339: Property 'find' does not exist on type 'never[] | PaginatedResponse<BankAccount>'.
  Property 'find' does not exist on type 'PaginatedResponse<BankAccount>'.
src/features/reception-batch/ui/ReceptionBatchPage.tsx(60,51): error TS7006: Parameter 'b' implicitly has an 'any' type.
src/features/reception-batch/ui/ReceptionBatchPage.tsx(290,50): error TS2339: Property 'filter' does not exist on type 'never[] | PaginatedResponse<BankAccount>'.
  Property 'filter' does not exist on type 'PaginatedResponse<BankAccount>'.
src/features/reception-batch/ui/ReceptionBatchPage.tsx(290,57): error TS7006: Parameter 'b' implicitly has an 'any' type.
src/features/reception-batch/ui/ReceptionBatchPage.tsx(297,54): error TS7006: Parameter 'account' implicitly has an 'any' type.
src/features/transactions/ui/TransactionsPage.tsx(9,28): error TS2307: Cannot find module '@/shared/ui/pagination' or its corresponding type declarations.
src/features/users/ui/AuditLog.tsx(11,28): error TS2307: Cannot find module '@/shared/ui/pagination' or its corresponding type declarations.
src/features/users/ui/UserList.tsx(21,28): error TS2307: Cannot find module '@/shared/ui/pagination' or its corresponding type declarations.
